
Test a gerer : 
echo '"'$USER'"'
$? | echo bonjour

Proteger toute la libft

Signaux



mpanic


Truc erreur 

mlavry@k1r4p12:Documents/Minishell ‹main*›$ bash
mlavry@k1r4p12:~/Documents/Minishell$ $? | echo bonjour
bonjour
0: command not found
mlavry@k1r4p12:~/Documents/Minishell$ vjhADVB | echo bonjour
bonjour
vjhADVB: command not found
mlavry@k1r4p12:~/Documents/Minishell$ 
exit

Marche pas

mlavry@k1r4p1:~ $ bash             
mlavry@k1r4p1:~$ ls '|' wc -l
ls: cannot access '|': No such file or directory
ls: cannot access 'wc': No such file or directory
mlavry@k1r4p1:~$ ls | wc -l
12


mlavry@k1r1p11:~$ echo '"'$USER'"'
"mlavry"
mlavry@k1r1p11:~$ echo '"' $USER '"'
" mlavry "


//PROBLEME MALLOC ERROR

"Cannot allocate memory\n" cest le mesage derreur quqnd malloc echoue et le code erreur cest 12


//PROBLEME EXPORT 

export a un probleme si on export un SHLVL superieur a 999 et qu'on relance un minishell

//POUR RESOUDRE PARSING 

regarder apres la quote fermante si il y a un espace



//NE PAS AFFICHER L'ENV SI IL Y A QUELQUE CHOSE DERRIERE 

mlavry@k1r4p3:Documents/exec ‹exec*›$ env -i ./minishell
minishell$ env -i ./minishell
3
Token: env             | Type: 6  | SQ: 0 | DQ: 0
Token: -i              | Type: 7  | SQ: 0 | DQ: 0
Token: ./minishell     | Type: 7  | SQ: 0 | DQ: 0
PWD=/home/mlavry/Documents/exec
SHLVL=1
_=/usr/bin/env
minishell$ env -i ./minishell
3
Token: env             | Type: 6  | SQ: 0 | DQ: 0
Token: -i              | Type: 7  | SQ: 0 | DQ: 0
Token: ./minishell     | Type: 7  | SQ: 0 | DQ: 0
PWD=/home/mlavry/Documents/exec
SHLVL=1
_=/usr/bin/env
minishell$ exit
mlavry@k1r4p3:Documents/exec ‹exec*›$ 

//GERER LE SEGFAULT D'EXPAND UNE VARIABLE QUI N'EXISTE PAS MEME SANS ENV -I

mlavry@k1r4p3:Documents/exec ‹exec*›$ env -i ./minishell
minishell$ $USER
[1]    2389900 segmentation fault  env -i ./minishell

//TRES BIZARRE

mlavry@k1r4p3:Documents/exec ‹exec*›$ ./minishell
minishell$ echo bonjour | $USERbhb
3
Token: echo            | Type: 6  | SQ: 0 | DQ: 0
Token: bonjour         | Type: 7  | SQ: 0 | DQ: 0
Token: |               | Type: 5  | SQ: 0 | DQ: 0
bonjour
minishell$ 


export ENV=$qu

export avec rien devrait pas mettre de quote vide

tester exit

probleem dans cd a verifier quand je tape cd - il affiche ce qui fau mais ls etc fonctionne plus 
verifier si on entre arg avan append heredoc redir et rien apres message derreur a ajotuer 